last: 185bac34ef8cf4170296
last: 307f50832d696b7b84d9
last: 495c3563e917b0eb19a0
last: 61a09ccf4da905b4b61d
last: 7a713557cc075c635fff
last: 92a73b02d8ada4afd8c8
last: b0795011b782d9fc1037
last: cbe026d025eff80cb94c
last: e4be9c1b01bc58e6a759
last: ffb4d5e8475ed345334b
